Analyzing frontend...

  error - lib\screen\home\wriper_main.dart:2:8 - Target of URI doesn't exist: 'package:d_table_delegate_system/screen/home/home_screen.dart'. Try creating the file referenced by the URI, or try using a URI for a file that does exist. - uri_does_not_exist
  error - lib\screen\home\wriper_main.dart:25:7 - The method 'DynamicDashboard' isn't defined for the type '_MainWrapperState'. Try correcting the name to the name of an existing method, or defining a method named 'DynamicDashboard'. - undefined_method
warning - lib\provider\auth_provider.dart:23:41 - The receiver can't be 'null' because of short-circuiting, so the null-aware operator '?.' can't be used. Try replacing the operator '?.' with '.'. - invalid_null_aware_operator
           - The operator '?.' is causing the short circuiting at lib\provider\auth_provider.dart:23:35.
warning - lib\provider\notification_provider.dart:41:16 - The value of the local variable 'n' isn't used. Try removing the variable or using it. - unused_local_variable
warning - lib\screen\home\my_task.dart:39:36 - The value of the field '_statusTabs' isn't used. Try removing the field, or using it. - unused_field
warning - lib\screen\home\wriper_main.dart:5:8 - Unused import: 'package:provider/provider.dart'. Try removing the import directive. - unused_import
warning - lib\screen\profile\profile_settings.dart:7:8 - Unused import: '../support/support_screen.dart'. Try removing the import directive. - unused_import
warning - lib\screen\profile\profile_settings.dart:112:34 - Dead code. Try removing the code, or fixing the code before it so that it can be reached. - dead_code
warning - lib\screen\profile\profile_settings.dart:112:37 - The left operand can't be null, so the right operand is never executed. Try removing the operator and the right operand. - dead_null_aware_expression
warning - lib\widget\assign_task_sheet.dart:396:46 - Dead code. Try removing the code, or fixing the code before it so that it can be reached. - dead_code
warning - lib\widget\assign_task_sheet.dart:396:49 - The left operand can't be null, so the right operand is never executed. Try removing the operator and the right operand. - dead_null_aware_expression
   info - lib\main.dart:12:8 - The import of 'package:hive/hive.dart' is unnecessary because all of the used elements are also provided by the import of 'package:hive_flutter/hive_flutter.dart'. Try removing the import directive. - unnecessary_import
   info - lib\provider\auth_provider.dart:47:7 - Don't invoke 'print' in production code. Try using a logging framework. - avoid_print
   info - lib\provider\auth_provider.dart:52:7 - Don't invoke 'print' in production code. Try using a logging framework. - avoid_print
   info - lib\provider\auth_provider.dart:68:7 - Don't invoke 'print' in production code. Try using a logging framework. - avoid_print
   info - lib\provider\auth_provider.dart:72:7 - Don't invoke 'print' in production code. Try using a logging framework. - avoid_print
   info - lib\provider\auth_provider.dart:88:7 - Don't invoke 'print' in production code. Try using a logging framework. - avoid_print
   info - lib\provider\auth_provider.dart:92:7 - Don't invoke 'print' in production code. Try using a logging framework. - avoid_print
   info - lib\provider\auth_provider.dart:130:7 - Don't invoke 'print' in production code. Try using a logging framework. - avoid_print
   info - lib\provider\auth_provider.dart:131:7 - Don't invoke 'print' in production code. Try using a logging framework. - avoid_print
   info - lib\provider\auth_provider.dart:132:7 - Don't invoke 'print' in production code. Try using a logging framework. - avoid_print
   info - lib\provider\auth_provider.dart:133:7 - Don't invoke 'print' in production code. Try using a logging framework. - avoid_print
   info - lib\provider\auth_provider.dart:143:7 - Don't invoke 'print' in production code. Try using a logging framework. - avoid_print
   info - lib\provider\auth_provider.dart:144:7 - Don't invoke 'print' in production code. Try using a logging framework. - avoid_print
   info - lib\provider\auth_provider.dart:145:7 - Don't invoke 'print' in production code. Try using a logging framework. - avoid_print
   info - lib\provider\auth_provider.dart:146:7 - Don't invoke 'print' in production code. Try using a logging framework. - avoid_print
   info - lib\provider\auth_provider.dart:170:7 - Don't invoke 'print' in production code. Try using a logging framework. - avoid_print
   info - lib\provider\auth_provider.dart:174:7 - Don't invoke 'print' in production code. Try using a logging framework. - avoid_print
   info - lib\provider\auth_provider.dart:194:7 - Don't invoke 'print' in production code. Try using a logging framework. - avoid_print
   info - lib\provider\auth_provider.dart:210:7 - Don't invoke 'print' in production code. Try using a logging framework. - avoid_print
   info - lib\provider\auth_provider.dart:221:5 - Don't invoke 'print' in production code. Try using a logging framework. - avoid_print
   info - lib\provider\auth_provider.dart:232:7 - Don't invoke 'print' in production code. Try using a logging framework. - avoid_print
   info - lib\provider\dashboard_provider.dart:108:7 - Don't invoke 'print' in production code. Try using a logging framework. - avoid_print
   info - lib\provider\dashboard_provider.dart:121:7 - Don't invoke 'print' in production code. Try using a logging framework. - avoid_print
   info - lib\provider\delegation_provider.dart:25:7 - Don't invoke 'print' in production code. Try using a logging framework. - avoid_print
   info - lib\provider\delegation_provider.dart:28:7 - Don't invoke 'print' in production code. Try using a logging framework. - avoid_print
   info - lib\provider\delegation_provider.dart:40:7 - Don't invoke 'print' in production code. Try using a logging framework. - avoid_print
   info - lib\provider\delegation_provider.dart:46:7 - Don't invoke 'print' in production code. Try using a logging framework. - avoid_print
   info - lib\provider\delegation_provider.dart:70:9 - Don't invoke 'print' in production code. Try using a logging framework. - avoid_print
   info - lib\provider\delegation_provider.dart:73:7 - Don't invoke 'print' in production code. Try using a logging framework. - avoid_print
   info - lib\provider\delegation_provider.dart:128:7 - Don't invoke 'print' in production code. Try using a logging framework. - avoid_print
   info - lib\provider\delegation_provider.dart:132:7 - Don't invoke 'print' in production code. Try using a logging framework. - avoid_print
   info - lib\provider\delegation_provider.dart:147:7 - Don't invoke 'print' in production code. Try using a logging framework. - avoid_print
   info - lib\provider\delegation_provider.dart:159:7 - Don't invoke 'print' in production code. Try using a logging framework. - avoid_print
   info - lib\provider\user_provider.dart:29:7 - Don't invoke 'print' in production code. Try using a logging framework. - avoid_print
   info - lib\provider\user_provider.dart:31:7 - Don't invoke 'print' in production code. Try using a logging framework. - avoid_print
   info - lib\provider\user_provider.dart:43:7 - Don't invoke 'print' in production code. Try using a logging framework. - avoid_print
   info - lib\provider\user_provider.dart:45:7 - Don't invoke 'print' in production code. Try using a logging framework. - avoid_print
   info - lib\provider\user_provider.dart:60:7 - Don't invoke 'print' in production code. Try using a logging framework. - avoid_print
   info - lib\provider\user_provider.dart:62:7 - Don't invoke 'print' in production code. Try using a logging framework. - avoid_print
   info - lib\screen\animated_splash_screen.dart:52:27 - Unnecessary use of multiple underscores. Try using '_'. - unnecessary_underscores
   info - lib\screen\animated_splash_screen.dart:52:31 - Unnecessary use of multiple underscores. Try using '_'. - unnecessary_underscores
   info - lib\screen\animated_splash_screen.dart:53:45 - Unnecessary use of multiple underscores. Try using '_'. - unnecessary_underscores
   info - lib\screen\animated_splash_screen.dart:91:71 - 'withOpacity' is deprecated and shouldn't be used. Use .withValues() to avoid precision loss. Try replacing the use of the deprecated member with the replacement. - deprecated_member_use
   info - lib\screen\animated_splash_screen.dart:94:56 - 'withOpacity' is deprecated and shouldn't be used. Use .withValues() to avoid precision loss. Try replacing the use of the deprecated member with the replacement. - deprecated_member_use
   info - lib\screen\animated_splash_screen.dart:100:45 - 'withOpacity' is deprecated and shouldn't be used. Use .withValues() to avoid precision loss. Try replacing the use of the deprecated member with the replacement. - deprecated_member_use
   info - lib\screen\auth\forgot_password\forgot_password_screen.dart:147:56 - Don't use 'BuildContext's across async gaps. Try rewriting the code to not use the 'BuildContext', or guard the use with a 'mounted' check. - use_build_context_synchronously
   info - lib\screen\auth\forgot_password\forgot_password_screen.dart:157:56 - Don't use 'BuildContext's across async gaps. Try rewriting the code to not use the 'BuildContext', or guard the use with a 'mounted' check. - use_build_context_synchronously
   info - lib\screen\auth\forgot_password\forgot_password_screen.dart:158:49 - Don't use 'BuildContext's across async gaps. Try rewriting the code to not use the 'BuildContext', or guard the use with a 'mounted' check. - use_build_context_synchronously
   info - lib\screen\auth\forgot_password\forgot_password_screen.dart:161:56 - Don't use 'BuildContext's across async gaps. Try rewriting the code to not use the 'BuildContext', or guard the use with a 'mounted' check. - use_build_context_synchronously
   info - lib\screen\auth\forgot_password\forgot_password_screen.dart:170:51 - 'withOpacity' is deprecated and shouldn't be used. Use .withValues() to avoid precision loss. Try replacing the use of the deprecated member with the replacement. - deprecated_member_use
   info - lib\screen\auth\login\login_screen.dart:46:34 - 'withOpacity' is deprecated and shouldn't be used. Use .withValues() to avoid precision loss. Try replacing the use of the deprecated member with the replacement. - deprecated_member_use
   info - lib\screen\auth\login\login_screen.dart:63:47 - 'withOpacity' is deprecated and shouldn't be used. Use .withValues() to avoid precision loss. Try replacing the use of the deprecated member with the replacement. - deprecated_member_use
   info - lib\screen\auth\login\login_screen.dart:167:33 - Don't use 'BuildContext's across async gaps. Try rewriting the code to not use the 'BuildContext', or guard the use with a 'mounted' check. - use_build_context_synchronously
   info - lib\screen\auth\login\login_screen.dart:172:52 - Don't use 'BuildContext's across async gaps. Try rewriting the code to not use the 'BuildContext', or guard the use with a 'mounted' check. - use_build_context_synchronously
   info - lib\screen\auth\login\login_screen.dart:183:55 - 'withOpacity' is deprecated and shouldn't be used. Use .withValues() to avoid precision loss. Try replacing the use of the deprecated member with the replacement. - deprecated_member_use
   info - lib\screen\auth\signup\signup_screen.dart:62:34 - 'withOpacity' is deprecated and shouldn't be used. Use .withValues() to avoid precision loss. Try replacing the use of the deprecated member with the replacement. - deprecated_member_use
   info - lib\screen\auth\signup\signup_screen.dart:85:43 - 'withOpacity' is deprecated and shouldn't be used. Use .withValues() to avoid precision loss. Try replacing the use of the deprecated member with the replacement. - deprecated_member_use
   info - lib\screen\auth\signup\signup_screen.dart:221:54 - Don't use 'BuildContext's across async gaps, guarded by an unrelated 'mounted' check. Guard a 'State.context' use with a 'mounted' check on the State, and other BuildContext use with a 'mounted' check on the BuildContext. - use_build_context_synchronously
   info - lib\screen\auth\signup\signup_screen.dart:224:47 - Don't use 'BuildContext's across async gaps, guarded by an unrelated 'mounted' check. Guard a 'State.context' use with a 'mounted' check on the State, and other BuildContext use with a 'mounted' check on the BuildContext. - use_build_context_synchronously
   info - lib\screen\auth\signup\signup_screen.dart:226:54 - Don't use 'BuildContext's across async gaps, guarded by an unrelated 'mounted' check. Guard a 'State.context' use with a 'mounted' check on the State, and other BuildContext use with a 'mounted' check on the BuildContext. - use_build_context_synchronously
   info - lib\screen\auth\signup\signup_screen.dart:238:57 - 'withOpacity' is deprecated and shouldn't be used. Use .withValues() to avoid precision loss. Try replacing the use of the deprecated member with the replacement. - deprecated_member_use
   info - lib\screen\groups\create_group.dart:7:9 - Parameter 'key' could be a super parameter. Trying converting 'key' to a super parameter. - use_super_parameters
   info - lib\screen\groups\create_group.dart:18:16 - The private field _selectedMemberIds could be 'final'. Try making the field 'final'. - prefer_final_fields
   info - lib\screen\groups\create_group.dart:45:30 - Don't use 'BuildContext's across async gaps. Try rewriting the code to not use the 'BuildContext', or guard the use with a 'mounted' check. - use_build_context_synchronously
   info - lib\screen\groups\create_group.dart:46:23 - Don't use 'BuildContext's across async gaps. Try rewriting the code to not use the 'BuildContext', or guard the use with a 'mounted' check. - use_build_context_synchronously
   info - lib\screen\groups\create_group.dart:48:30 - Don't use 'BuildContext's across async gaps. Try rewriting the code to not use the 'BuildContext', or guard the use with a 'mounted' check. - use_build_context_synchronously
   info - lib\screen\groups\group_detail.dart:9:9 - Parameter 'key' could be a super parameter. Trying converting 'key' to a super parameter. - use_super_parameters
   info - lib\screen\groups\my_groups.dart:9:9 - Parameter 'key' could be a super parameter. Trying converting 'key' to a super parameter. - use_super_parameters
   info - lib\screen\home\delegate_task_screen.dart:272:17 - 'activeColor' is deprecated and shouldn't be used. Use activeThumbColor instead. This feature was deprecated after v3.31.0-2.0.pre. Try replacing the use of the deprecated member with the replacement. - deprecated_member_use
   info - lib\screen\home\delegate_task_screen.dart:532:42 - 'withOpacity' is deprecated and shouldn't be used. Use .withValues() to avoid precision loss. Try replacing the use of the deprecated member with the replacement. - deprecated_member_use
   info - lib\screen\home\delegate_task_screen.dart:535:57 - 'withOpacity' is deprecated and shouldn't be used. Use .withValues() to avoid precision loss. Try replacing the use of the deprecated member with the replacement. - deprecated_member_use
   info - lib\screen\home\delegate_task_screen.dart:778:24 - 'withOpacity' is deprecated and shouldn't be used. Use .withValues() to avoid precision loss. Try replacing the use of the deprecated member with the replacement. - deprecated_member_use
   info - lib\screen\home\delegate_task_screen.dart:794:24 - 'withOpacity' is deprecated and shouldn't be used. Use .withValues() to avoid precision loss. Try replacing the use of the deprecated member with the replacement. - deprecated_member_use
   info - lib\screen\home\delegate_task_screen.dart:844:26 - 'withOpacity' is deprecated and shouldn't be used. Use .withValues() to avoid precision loss. Try replacing the use of the deprecated member with the replacement. - deprecated_member_use
   info - lib\screen\home\delegate_task_screen.dart:863:39 - Don't use 'BuildContext's across async gaps. Try rewriting the code to not use the 'BuildContext', or guard the use with a 'mounted' check. - use_build_context_synchronously
   info - lib\screen\home\delegate_task_screen.dart:969:35 - Don't use 'BuildContext's across async gaps, guarded by an unrelated 'mounted' check. Guard a 'State.context' use with a 'mounted' check on the State, and other BuildContext use with a 'mounted' check on the BuildContext. - use_build_context_synchronously
   info - lib\screen\home\delegate_task_screen.dart:970:42 - Don't use 'BuildContext's across async gaps, guarded by an unrelated 'mounted' check. Guard a 'State.context' use with a 'mounted' check on the State, and other BuildContext use with a 'mounted' check on the BuildContext. - use_build_context_synchronously
   info - lib\screen\home\delegate_task_screen.dart:1005:29 - Don't use 'BuildContext's across async gaps. Try rewriting the code to not use the 'BuildContext', or guard the use with a 'mounted' check. - use_build_context_synchronously
   info - lib\screen\home\get_all_user.dart:150:74 - 'withOpacity' is deprecated and shouldn't be used. Use .withValues() to avoid precision loss. Try replacing the use of the deprecated member with the replacement. - deprecated_member_use
   info - lib\screen\home\group_task.dart:6:7 - Constructors for public widgets should have a named 'key' parameter. Try adding a named parameter to the constructor. - use_key_in_widget_constructors
   info - lib\screen\home\group_task.dart:47:43 - 'withOpacity' is deprecated and shouldn't be used. Use .withValues() to avoid precision loss. Try replacing the use of the deprecated member with the replacement. - deprecated_member_use
   info - lib\screen\home\group_task_detail.dart:10:9 - Parameter 'key' could be a super parameter. Trying converting 'key' to a super parameter. - use_super_parameters
   info - lib\screen\home\group_task_detail.dart:125:41 - Don't use 'BuildContext's across async gaps, guarded by an unrelated 'mounted' check. Guard a 'State.context' use with a 'mounted' check on the State, and other BuildContext use with a 'mounted' check on the BuildContext. - use_build_context_synchronously
   info - lib\screen\home\group_task_detail.dart:128:48 - Don't use 'BuildContext's across async gaps, guarded by an unrelated 'mounted' check. Guard a 'State.context' use with a 'mounted' check on the State, and other BuildContext use with a 'mounted' check on the BuildContext. - use_build_context_synchronously
   info - lib\screen\home\group_task_detail.dart:176:62 - 'withOpacity' is deprecated and shouldn't be used. Use .withValues() to avoid precision loss. Try replacing the use of the deprecated member with the replacement. - deprecated_member_use
   info - lib\screen\home\my_task.dart:319:17 - 'activeColor' is deprecated and shouldn't be used. Use activeThumbColor instead. This feature was deprecated after v3.31.0-2.0.pre. Try replacing the use of the deprecated member with the replacement. - deprecated_member_use
   info - lib\screen\home\my_task.dart:482:57 - 'withOpacity' is deprecated and shouldn't be used. Use .withValues() to avoid precision loss. Try replacing the use of the deprecated member with the replacement. - deprecated_member_use
   info - lib\screen\home\my_task.dart:483:51 - 'withOpacity' is deprecated and shouldn't be used. Use .withValues() to avoid precision loss. Try replacing the use of the deprecated member with the replacement. - deprecated_member_use
   info - lib\screen\home\my_task.dart:570:40 - 'withOpacity' is deprecated and shouldn't be used. Use .withValues() to avoid precision loss. Try replacing the use of the deprecated member with the replacement. - deprecated_member_use
   info - lib\screen\home\my_task.dart:573:55 - 'withOpacity' is deprecated and shouldn't be used. Use .withValues() to avoid precision loss. Try replacing the use of the deprecated member with the replacement. - deprecated_member_use
   info - lib\screen\home\my_task.dart:809:39 - Don't use 'BuildContext's across async gaps. Try rewriting the code to not use the 'BuildContext', or guard the use with a 'mounted' check. - use_build_context_synchronously
   info - lib\screen\home\my_task.dart:836:24 - 'withOpacity' is deprecated and shouldn't be used. Use .withValues() to avoid precision loss. Try replacing the use of the deprecated member with the replacement. - deprecated_member_use
   info - lib\screen\home\my_task.dart:852:24 - 'withOpacity' is deprecated and shouldn't be used. Use .withValues() to avoid precision loss. Try replacing the use of the deprecated member with the replacement. - deprecated_member_use
   info - lib\screen\home\my_team.dart:11:7 - Constructors for public widgets should have a named 'key' parameter. Try adding a named parameter to the constructor. - use_key_in_widget_constructors
   info - lib\screen\home\my_team.dart:13:3 - Invalid use of a private type in a public API. Try making the private type public, or making the API that uses the private type also be private. - library_private_types_in_public_api
   info - lib\screen\home\my_team.dart:107:45 - 'withOpacity' is deprecated and shouldn't be used. Use .withValues() to avoid precision loss. Try replacing the use of the deprecated member with the replacement. - deprecated_member_use
   info - lib\screen\home\my_team.dart:109:64 - 'withOpacity' is deprecated and shouldn't be used. Use .withValues() to avoid precision loss. Try replacing the use of the deprecated member with the replacement. - deprecated_member_use
   info - lib\screen\home\my_team.dart:223:38 - 'withOpacity' is deprecated and shouldn't be used. Use .withValues() to avoid precision loss. Try replacing the use of the deprecated member with the replacement. - deprecated_member_use
   info - lib\screen\home\my_team.dart:296:40 - 'withOpacity' is deprecated and shouldn't be used. Use .withValues() to avoid precision loss. Try replacing the use of the deprecated member with the replacement. - deprecated_member_use
   info - lib\screen\home\my_team.dart:323:46 - 'withOpacity' is deprecated and shouldn't be used. Use .withValues() to avoid precision loss. Try replacing the use of the deprecated member with the replacement. - deprecated_member_use
   info - lib\screen\home\my_team.dart:394:65 - 'withOpacity' is deprecated and shouldn't be used. Use .withValues() to avoid precision loss. Try replacing the use of the deprecated member with the replacement. - deprecated_member_use
   info - lib\screen\home\my_team.dart:618:20 - Unnecessary use of 'toList' in a spread. Try removing the invocation of 'toList'. - unnecessary_to_list_in_spreads
   info - lib\screen\home\my_team.dart:653:36 - 'withOpacity' is deprecated and shouldn't be used. Use .withValues() to avoid precision loss. Try replacing the use of the deprecated member with the replacement. - deprecated_member_use
   info - lib\screen\home\my_team.dart:753:46 - 'withOpacity' is deprecated and shouldn't be used. Use .withValues() to avoid precision loss. Try replacing the use of the deprecated member with the replacement. - deprecated_member_use
   info - lib\screen\home\my_team.dart:782:46 - 'withOpacity' is deprecated and shouldn't be used. Use .withValues() to avoid precision loss. Try replacing the use of the deprecated member with the replacement. - deprecated_member_use
   info - lib\screen\home\my_team.dart:795:33 - 'withOpacity' is deprecated and shouldn't be used. Use .withValues() to avoid precision loss. Try replacing the use of the deprecated member with the replacement. - deprecated_member_use
   info - lib\screen\home\my_team.dart:825:22 - 'withOpacity' is deprecated and shouldn't be used. Use .withValues() to avoid precision loss. Try replacing the use of the deprecated member with the replacement. - deprecated_member_use
   info - lib\screen\home\my_team.dart:827:41 - 'withOpacity' is deprecated and shouldn't be used. Use .withValues() to avoid precision loss. Try replacing the use of the deprecated member with the replacement. - deprecated_member_use
   info - lib\screen\home\my_team.dart:837:58 - 'withOpacity' is deprecated and shouldn't be used. Use .withValues() to avoid precision loss. Try replacing the use of the deprecated member with the replacement. - deprecated_member_use
   info - lib\screen\home\my_team.dart:1009:25 - 'activeColor' is deprecated and shouldn't be used. Use activeThumbColor instead. This feature was deprecated after v3.31.0-2.0.pre. Try replacing the use of the deprecated member with the replacement. - deprecated_member_use
   info - lib\screen\home\my_team.dart:1089:30 - 'withOpacity' is deprecated and shouldn't be used. Use .withValues() to avoid precision loss. Try replacing the use of the deprecated member with the replacement. - deprecated_member_use
   info - lib\screen\home\my_team.dart:1092:53 - 'withOpacity' is deprecated and shouldn't be used. Use .withValues() to avoid precision loss. Try replacing the use of the deprecated member with the replacement. - deprecated_member_use
   info - lib\screen\home\task_detail.dart:113:51 - 'withOpacity' is deprecated and shouldn't be used. Use .withValues() to avoid precision loss. Try replacing the use of the deprecated member with the replacement. - deprecated_member_use
   info - lib\screen\home\task_detail.dart:129:126 - 'withOpacity' is deprecated and shouldn't be used. Use .withValues() to avoid precision loss. Try replacing the use of the deprecated member with the replacement. - deprecated_member_use
   info - lib\screen\home\task_detail.dart:148:57 - 'withOpacity' is deprecated and shouldn't be used. Use .withValues() to avoid precision loss. Try replacing the use of the deprecated member with the replacement. - deprecated_member_use
   info - lib\screen\home\task_detail.dart:155:62 - 'withOpacity' is deprecated and shouldn't be used. Use .withValues() to avoid precision loss. Try replacing the use of the deprecated member with the replacement. - deprecated_member_use
   info - lib\screen\home\task_detail.dart:172:30 - 'withOpacity' is deprecated and shouldn't be used. Use .withValues() to avoid precision loss. Try replacing the use of the deprecated member with the replacement. - deprecated_member_use
   info - lib\screen\home\task_detail.dart:174:49 - 'withOpacity' is deprecated and shouldn't be used. Use .withValues() to avoid precision loss. Try replacing the use of the deprecated member with the replacement. - deprecated_member_use
   info - lib\screen\home\task_detail.dart:304:32 - 'withOpacity' is deprecated and shouldn't be used. Use .withValues() to avoid precision loss. Try replacing the use of the deprecated member with the replacement. - deprecated_member_use
   info - lib\screen\home\task_detail.dart:330:73 - 'withOpacity' is deprecated and shouldn't be used. Use .withValues() to avoid precision loss. Try replacing the use of the deprecated member with the replacement. - deprecated_member_use
   info - lib\screen\home\task_detail.dart:333:80 - 'withOpacity' is deprecated and shouldn't be used. Use .withValues() to avoid precision loss. Try replacing the use of the deprecated member with the replacement. - deprecated_member_use
   info - lib\screen\home\task_detail.dart:345:56 - 'withOpacity' is deprecated and shouldn't be used. Use .withValues() to avoid precision loss. Try replacing the use of the deprecated member with the replacement. - deprecated_member_use
   info - lib\screen\home\task_detail.dart:347:75 - 'withOpacity' is deprecated and shouldn't be used. Use .withValues() to avoid precision loss. Try replacing the use of the deprecated member with the replacement. - deprecated_member_use
   info - lib\screen\home\task_detail.dart:445:44 - Don't use 'BuildContext's across async gaps, guarded by an unrelated 'mounted' check. Guard a 'State.context' use with a 'mounted' check on the State, and other BuildContext use with a 'mounted' check on the BuildContext. - use_build_context_synchronously
   info - lib\screen\home\task_detail.dart:476:38 - Don't use 'BuildContext's across async gaps, guarded by an unrelated 'mounted' check. Guard a 'State.context' use with a 'mounted' check on the State, and other BuildContext use with a 'mounted' check on the BuildContext. - use_build_context_synchronously
   info - lib\screen\home\task_detail.dart:493:53 - 'withOpacity' is deprecated and shouldn't be used. Use .withValues() to avoid precision loss. Try replacing the use of the deprecated member with the replacement. - deprecated_member_use
   info - lib\screen\home\task_detail.dart:508:53 - 'withOpacity' is deprecated and shouldn't be used. Use .withValues() to avoid precision loss. Try replacing the use of the deprecated member with the replacement. - deprecated_member_use
   info - lib\screen\home\wriper_main.dart:8:7 - Constructors for public widgets should have a named 'key' parameter. Try adding a named parameter to the constructor. - use_key_in_widget_constructors
   info - lib\screen\home\wriper_main.dart:10:3 - Invalid use of a private type in a public API. Try making the private type public, or making the API that uses the private type also be private. - library_private_types_in_public_api
   info - lib\screen\home\wriper_main.dart:24:24 - The local variable '_pages' starts with an underscore. Try renaming the variable to not start with an underscore. - no_leading_underscores_for_local_identifiers
   info - lib\screen\notifications\notifications_screen.dart:7:9 - Parameter 'key' could be a super parameter. Trying converting 'key' to a super parameter. - use_super_parameters
   info - lib\screen\notifications\notifications_screen.dart:60:75 - 'withOpacity' is deprecated and shouldn't be used. Use .withValues() to avoid precision loss. Try replacing the use of the deprecated member with the replacement. - deprecated_member_use
   info - lib\screen\profile\manage_users.dart:7:9 - Parameter 'key' could be a super parameter. Trying converting 'key' to a super parameter. - use_super_parameters
   info - lib\screen\profile\manage_users.dart:38:38 - Don't use 'BuildContext's across async gaps, guarded by an unrelated 'mounted' check. Guard a 'State.context' use with a 'mounted' check on the State, and other BuildContext use with a 'mounted' check on the BuildContext. - use_build_context_synchronously
   info - lib\screen\profile\manage_users.dart:42:38 - Don't use 'BuildContext's across async gaps, guarded by an unrelated 'mounted' check. Guard a 'State.context' use with a 'mounted' check on the State, and other BuildContext use with a 'mounted' check on the BuildContext. - use_build_context_synchronously
   info - lib\screen\profile\profile_settings.dart:14:9 - Parameter 'key' could be a super parameter. Trying converting 'key' to a super parameter. - use_super_parameters
   info - lib\screen\profile\profile_settings.dart:32:50 - Don't use 'BuildContext's across async gaps. Try rewriting the code to not use the 'BuildContext', or guard the use with a 'mounted' check. - use_build_context_synchronously
   info - lib\screen\profile\profile_settings.dart:35:48 - Don't use 'BuildContext's across async gaps. Try rewriting the code to not use the 'BuildContext', or guard the use with a 'mounted' check. - use_build_context_synchronously
   info - lib\screen\profile\profile_settings.dart:95:61 - 'withOpacity' is deprecated and shouldn't be used. Use .withValues() to avoid precision loss. Try replacing the use of the deprecated member with the replacement. - deprecated_member_use
   info - lib\screen\profile\profile_settings.dart:123:19 - 'activeColor' is deprecated and shouldn't be used. Use activeThumbColor instead. This feature was deprecated after v3.31.0-2.0.pre. Try replacing the use of the deprecated member with the replacement. - deprecated_member_use
   info - lib\screen\support\raise_ticket.dart:11:9 - Parameter 'key' could be a super parameter. Trying converting 'key' to a super parameter. - use_super_parameters
   info - lib\screen\support\support_screen.dart:10:9 - Parameter 'key' could be a super parameter. Trying converting 'key' to a super parameter. - use_super_parameters
   info - lib\screen\support\support_screen.dart:97:41 - Statements in an if should be enclosed in a block. Try wrapping the statement in a block. - curly_braces_in_flow_control_structures
   info - lib\screen\support\support_screen.dart:98:50 - Statements in an if should be enclosed in a block. Try wrapping the statement in a block. - curly_braces_in_flow_control_structures
   info - lib\screen\support\support_screen.dart:99:45 - Statements in an if should be enclosed in a block. Try wrapping the statement in a block. - curly_braces_in_flow_control_structures
   info - lib\screen\support\support_screen.dart:217:35 - 'withOpacity' is deprecated and shouldn't be used. Use .withValues() to avoid precision loss. Try replacing the use of the deprecated member with the replacement. - deprecated_member_use
   info - lib\screen\support\support_screen.dart:265:14 - Unnecessary instance of 'Container'. Try removing the 'Container' (but not its children) from the widget tree. - avoid_unnecessary_containers
   info - lib\screen\support\support_screen.dart:361:19 - 'withOpacity' is deprecated and shouldn't be used. Use .withValues() to avoid precision loss. Try replacing the use of the deprecated member with the replacement. - deprecated_member_use
   info - lib\screen\support\support_screen.dart:388:22 - The local variable '_updateStatus' starts with an underscore. Try renaming the variable to not start with an underscore. - no_leading_underscores_for_local_identifiers
   info - lib\services\dashboard_service.dart:24:9 - Use the null-aware marker '?' rather than a null check via an 'if'. Try using '?'. - use_null_aware_elements
   info - lib\services\dashboard_service.dart:25:9 - Use the null-aware marker '?' rather than a null check via an 'if'. Try using '?'. - use_null_aware_elements
   info - lib\services\delegation_service.dart:66:7 - Don't invoke 'print' in production code. Try using a logging framework. - avoid_print
   info - lib\services\delegation_service.dart:68:7 - Don't invoke 'print' in production code. Try using a logging framework. - avoid_print
   info - lib\services\delegation_service.dart:69:7 - Don't invoke 'print' in production code. Try using a logging framework. - avoid_print
   info - lib\services\dio_client.dart:25:11 - Don't invoke 'print' in production code. Try using a logging framework. - avoid_print
   info - lib\services\dio_client.dart:27:13 - Don't invoke 'print' in production code. Try using a logging framework. - avoid_print
   info - lib\services\dio_client.dart:33:11 - Don't invoke 'print' in production code. Try using a logging framework. - avoid_print
   info - lib\services\dio_client.dart:39:11 - Don't invoke 'print' in production code. Try using a logging framework. - avoid_print
   info - lib\services\dio_client.dart:40:11 - Don't invoke 'print' in production code. Try using a logging framework. - avoid_print
   info - lib\services\user_service.dart:22:7 - Don't invoke 'print' in production code. Try using a logging framework. - avoid_print
   info - lib\services\user_service.dart:39:7 - Don't invoke 'print' in production code. Try using a logging framework. - avoid_print
   info - lib\services\user_service.dart:54:7 - Don't invoke 'print' in production code. Try using a logging framework. - avoid_print
   info - lib\widget\app_dropdown.dart:121:51 - 'withOpacity' is deprecated and shouldn't be used. Use .withValues() to avoid precision loss. Try replacing the use of the deprecated member with the replacement. - deprecated_member_use
   info - lib\widget\app_dropdown.dart:146:50 - 'withOpacity' is deprecated and shouldn't be used. Use .withValues() to avoid precision loss. Try replacing the use of the deprecated member with the replacement. - deprecated_member_use
   info - lib\widget\app_dropdown.dart:203:39 - 'withOpacity' is deprecated and shouldn't be used. Use .withValues() to avoid precision loss. Try replacing the use of the deprecated member with the replacement. - deprecated_member_use
   info - lib\widget\app_dropdown.dart:206:55 - 'withOpacity' is deprecated and shouldn't be used. Use .withValues() to avoid precision loss. Try replacing the use of the deprecated member with the replacement. - deprecated_member_use
   info - lib\widget\app_dropdown.dart:210:46 - 'withOpacity' is deprecated and shouldn't be used. Use .withValues() to avoid precision loss. Try replacing the use of the deprecated member with the replacement. - deprecated_member_use
   info - lib\widget\app_dropdown.dart:256:37 - 'withOpacity' is deprecated and shouldn't be used. Use .withValues() to avoid precision loss. Try replacing the use of the deprecated member with the replacement. - deprecated_member_use
   info - lib\widget\app_dropdown.dart:259:53 - 'withOpacity' is deprecated and shouldn't be used. Use .withValues() to avoid precision loss. Try replacing the use of the deprecated member with the replacement. - deprecated_member_use
   info - lib\widget\app_dropdown.dart:265:30 - 'withOpacity' is deprecated and shouldn't be used. Use .withValues() to avoid precision loss. Try replacing the use of the deprecated member with the replacement. - deprecated_member_use
   info - lib\widget\app_dropdown.dart:266:36 - 'withOpacity' is deprecated and shouldn't be used. Use .withValues() to avoid precision loss. Try replacing the use of the deprecated member with the replacement. - deprecated_member_use
   info - lib\widget\assign_task_sheet.dart:33:16 - The private field _checklist could be 'final'. Try making the field 'final'. - prefer_final_fields
   info - lib\widget\assign_task_sheet.dart:351:46 - 'withOpacity' is deprecated and shouldn't be used. Use .withValues() to avoid precision loss. Try replacing the use of the deprecated member with the replacement. - deprecated_member_use
   info - lib\widget\assign_task_sheet.dart:353:27 - 'withOpacity' is deprecated and shouldn't be used. Use .withValues() to avoid precision loss. Try replacing the use of the deprecated member with the replacement. - deprecated_member_use
   info - lib\widget\assign_task_sheet.dart:504:23 - Don't use 'BuildContext's across async gaps, guarded by an unrelated 'mounted' check. Guard a 'State.context' use with a 'mounted' check on the State, and other BuildContext use with a 'mounted' check on the BuildContext. - use_build_context_synchronously
   info - lib\widget\assign_task_sheet.dart:515:30 - Don't use 'BuildContext's across async gaps, guarded by an unrelated 'mounted' check. Guard a 'State.context' use with a 'mounted' check on the State, and other BuildContext use with a 'mounted' check on the BuildContext. - use_build_context_synchronously
   info - lib\widget\custom_drawer.dart:13:7 - Constructors for public widgets should have a named 'key' parameter. Try adding a named parameter to the constructor. - use_key_in_widget_constructors
   info - lib\widget\custom_drawer.dart:109:56 - 'withOpacity' is deprecated and shouldn't be used. Use .withValues() to avoid precision loss. Try replacing the use of the deprecated member with the replacement. - deprecated_member_use
   info - lib\widget\shimmer_loading.dart:6:9 - Parameter 'key' could be a super parameter. Trying converting 'key' to a super parameter. - use_super_parameters

190 issues found.
